<html>
<body>
<pre>
<h1>µVision Build Log</h1>
<h2>Project:</h2>
C:\Keil\Lab1\ST7735.uvproj
Project File Date:  01/24/2017

<h2>Output:</h2>
Rebuild target 'ST7735'
assembling startup.s...
compiling PLL.c...
compiling ST7735.c...
compiling fixed.c...
compiling Lab1.c...
linking...
Program Size: Code=3120 RO-data=4324 RW-data=48 ZI-data=1024  
".\ST7735.axf" - 0 Error(s), 0 Warning(s).
f" - 1 Error(s), 0 Warning(s).
Target not created
g:  #223-D: function "ST7735_Color565" declared implicitly
                                ST7735_DrawCharS(0, 0, '*', ST7735_Color565(255, 0, 0), 0, 1);
fixed.c: 2 warnings, 0 errors
compiling Lab1.c...
Lab1.c(25): error:  #5: cannot open source input file "inc/tm4c123gh6pm.h": No such file or directory
  #include "inc/tm4c123gh6pm.h"
Lab1.c: 0 warnings, 1 error
".\ST7735.axf" - 1 Error(s), 2 Warning(s).
Target not created
Load "C:\\Keil\\Lab1\\ST7735.axf" 
_____^
*** error 56: cannot open file
Error: Flash Download failed  -  Could not load file 'C:\Keil\Lab1\ST7735.axf'
